=================================================
How to use the 7-base_geometry file
=================================================


>>> BaseGeometry = __import__('7-base_geometry').BaseGeometry
>>> bg = BaseGeometry()
>>> type(bg)
<class '7-base_geometry.BaseGeometry'>

>>> bg.area()
Traceback (most recent call last):
  File "<stdin>", line 1, in <module>
  File "/home/hassanmunene/Desktop/alx-higher_level_programming/0x0A-python-inheritance/7-base_geometry.py", line 15, in area
    raise Exception("area() is not implemented")
Exception: area() is not implemented

>>> bg.integer_validator()
Traceback (most recent call last):
  File "
TypeError: BaseGeometry.integer_validator() missing 2 required positional arguments: 'name' and 'value'
