=================================================
How to use the 7-base_geometry file
=================================================


>>> BaseGeometry = __import__('7-base_geometry').BaseGeometry
>>> bg = BaseGeometry()
>>> type(bg)
<class '7-base_geometry.BaseGeometry'>

>>> bg.area()
Traceback (most recent call last):
...
Exception: area() is not implemented

>>> bg.integer_validator("name", 4)
