"""
this text file will be used to test the 0-add_integer file
"""

>>> add_integer = __import__('0-add_integer').add_integer

# add two positive numbers
>>> add_integer(2, 2)
4

# add a negavite number and a positive number
>>> add_integer(2, -1)
1

# add a negative number and a negative number
>>> add_integer(-1, -2)
-3

# add a floating number and an integer should return an integer
>>> add_integer(3.5, 1)
4

# add a floating point number and a negative number
>>> add_integer(4.4, -1)
3

# pass empty b and expecte an sum to be the a + 98
>>> add_integer(4)
102

# test for passing a as a strings now
>>> add_integer("string", 4)
Traceback (most recent call last):
TypeError: a must be an integer

# test for passing b as a string
>>> add_integer(4, "string")
Traceback (most recent call last):
TypeError: b must be an integer

# if you pass just one argument and is a string
>>> add_integer("string")
Traceback (most recent call last):
TypeError: a must be an integer

# check is not None
>>> add_integer(4, "None")
Traceback (most recent call last):
TypeError: b must be an integer

>>> add_integer("None", 4)
Traceback (most recent call last):
TypeError: a must be an integer
